// Jest Snapshot v1, https://goo.gl/fbAQLP

exports[`FormDisplay component renders App 1`] = `
<Fragment>
  <form>
    <input
      name="url"
      onChange={[MockFunction]}
      type="text"
      value="safsd"
    />
    <div
      className="radio"
    >
      <label>
        <input
          checked={false}
          onChange={[MockFunction]}
          type="radio"
          value="post"
        />
        Post
      </label>
    </div>
    <div
      className="radio"
    >
      <label>
        <input
          checked={false}
          name="get"
          onChange={[MockFunction]}
          type="radio"
          value="get"
        />
        get
      </label>
    </div>
    <div
      className="radio"
    >
      <label>
        <input
          checked={true}
          name="put"
          onChange={[MockFunction]}
          type="radio"
          value="put"
        />
        PUT
      </label>
    </div>
    <div
      className="radio"
    >
      <label>
        <input
          checked={false}
          name="Delete"
          onChange={[MockFunction]}
          type="radio"
          value="Delete"
        />
        Delete
      </label>
    </div>
    <textarea
      name="input"
      type="text"
      value="4"
    />
  </form>
</Fragment>
`;
